a -> [ 0, 1, 2 ]
b -> [ (Foo), (Foo), (Foo) ]
c -> [ #1, #1, #1 ]
#1 -> (Foo)
