(Mutable)
((Immutable))
(
MyFirstADT
foo -> (MySecondADT)
)
