x -> (Whatever)

topOfStack() {
this -> x
foo -> 5
}
lowerInStack() {}
main() {}
