topOfStack() {}
lowerInStack() {}
main() {}

thread worker

helper() {}
run() {}
